View and modify weg configuration settings.

Configuration can be project-local (weg.toml or pyproject.toml) or
global (~/.weg/config.toml).

Examples:
  weg config show                  # Show current config
  weg config get frappe.version    # Get specific value
  weg config set frappe.version 15 # Set value
  weg config list-apps             # List configured apps

Usage:
  weg config [command]

Available Commands:
  get         Get a configuration value
  list-apps   List configured apps
  set         Set a configuration value
  show        Show current configuration

Flags:
  -h, --help   help for config

Global Flags:
  -C, --chdir string              Run as if weg was started in <path>
      --config string             Path to config file (default: auto-detect)
      --debug-categories string   Filter debug output: all,config,state,net,git,fs,exec
      --log-level string          Set log level: quiet, normal, verbose, debug, trace
  -o, --output string             Output format: auto, json, table, plain, quiet (default "auto")
  -q, --quiet                     Suppress non-essential output
  -v, --verbose count             Increase verbosity (-v, -vv, -vvv)
  -y, --yes                       Assume yes for all prompts

Use "weg config [command] --help" for more information about a command.
