Convert your project structure between development modes.

Modes:
  app    - App-centric: Your app is the root, bench is hidden in .weg/
  bench  - Bench-centric: Traditional bench structure with apps/ and sites/

For database migrations, see 'weg db migrate'.

Examples:
  weg convert bench    # Convert app-centric to bench-centric
  weg convert app      # Convert bench-centric to app-centric

Usage:
  weg convert <app|bench> [flags]

Flags:
  -h, --help   help for convert

Global Flags:
  -C, --chdir string              Run as if weg was started in <path>
      --config string             Path to config file (default: auto-detect)
      --debug-categories string   Filter debug output: all,config,state,net,git,fs,exec
      --log-level string          Set log level: quiet, normal, verbose, debug, trace
  -o, --output string             Output format: auto, json, table, plain, quiet (default "auto")
  -q, --quiet                     Suppress non-essential output
  -v, --verbose count             Increase verbosity (-v, -vv, -vvv)
  -y, --yes                       Assume yes for all prompts
